◇ injected env (29) from .env
◇ injected env (0) from .env
🤖 Bot Solana jalan...
👛 Wallet: 7g21BaDmj1rpSWGCedhbFn8H6fXyU7yHwdAyoSNLrde9
🔌 RPC: https://solana-rpc.publicnode.com, https://api.mainnet-beta.solana.com, https://rpc.ankr.com/solana
🔄 Cek tiap 30 detik...

[RPC 0] Request #1
[RPC 0] Request #1
[RPC 0] Request #1
[RPC 0] Request #1
[RPC 0] Request #1
[RPC 0] Request #1
[RPC 0] Request #1
[RPC 0] Request #1
[RPC 0] Request #1
[RPC 0] Request #1
[RPC 0] Request #1
[RPC 0] Request #1
[RPC 0] Request #1
[RPC 0] Request #1
[RPC 0] Request #1
[RPC 0] Request #1
[RPC 0] Request #1
[RPC 0] Request #1
[RPC 0] Request #1
[RPC 0] Request #1
[RPC 0] Request #1
[RPC 0] Request #1
[RPC 0] Request #1
[RPC 0] Request #1
[RPC 0] Request #1
[RPC 0] Request #1
[RPC 0] Request #1
[RPC 0] Request #1
[RPC 0] Request #1
[RPC 0] Request #1
[RPC 0] Request #1
[RPC 0] Request #1
[RPC 0] Request #1
[RPC 0] Request #1
[RPC 0] Request #1
[RPC 0] Request #1
[RPC 0] Request #1
[RPC 0] Request #1
[RPC 0] Request #1
[RPC 0] Request #1
[RPC 0] Request #1
[RPC 0] Request #1
[RPC 0] Request #1
[RPC 0] Request #1
[RPC 0] Request #1
[RPC 0] Request #1
[RPC 0] Request #1
[RPC 0] Request #1
[RPC 0] Request #1
[RPC 0] Request #1
[RPC 0] Request #1
[RPC 0] Request #1
[RPC 0] Request #1
[RPC 0] Request #1
[RPC 0] Request #1
[RPC 0] Request #1
